18:16:15 **** Incremental Build of configuration Debug for project 002SampleApp ****
make -j8 all 
arm-none-eabi-size  002SampleApp.elf 
   text	   data	    bss	    dec	    hex	filename
   6212	    164	   1900	   8276	   2054	002SampleApp.elf
Finished building: default.size.stdout
 
18:17:12 **** Incremental Build of configuration Debug for project 002SampleApp ****
make -j8 all 
arm-none-eabi-size  002SampleApp.elf 
   text	   data	    bss	    dec	    hex	filename
   6212	    164	   1900	   8276	   2054	002SampleApp.elf
Finished building: default.size.stdout
 
